// Jest Snapshot v1, https://goo.gl/fbAQLP

exports[`App component should render Coming Soon Let's Create 1`] = `
<BrowserRouter>
  <Header />
  <h1>
    Coming Soon
  </h1>
  <h1>
    Let's create
  </h1>
</BrowserRouter>
`;
