// Jest Snapshot v1, https://goo.gl/fbAQLP

exports[`Header Component should render Header component 1`] = `
<Fragment>
  <styled.nav>
    <styled.span>
      <Link
        to="/postingRouter"
      >
        Brand
      </Link>
    </styled.span>
    <styled.span>
      <Link
        to="/"
      >
        First
      </Link>
      <Link
        to="/"
      >
        Second
      </Link>
      <Link
        to="/"
      >
        Third
      </Link>
      <Link
        to="/login"
      >
        Logout
      </Link>
    </styled.span>
  </styled.nav>
</Fragment>
`;
